// Jest Snapshot v1, https://goo.gl/fbAQLP

exports[`Check TopMenu render 1`] = `
<View>
  <View
    style={
      Object {
        "alignItems": "center",
        "backgroundColor": "transparent",
        "borderColor": "#E4DFDF",
      }
    }
  >
    <Image
      source={1}
      style={
        Object {
          "borderRadius": 100,
          "height": 50,
          "width": 50,
        }
      }
    />
    <Text
      style={
        Object {
          "fontSize": 15,
          "marginBottom": 35,
        }
      }
    >
      teste
    </Text>
  </View>
</View>
`;
