// Jest Snapshot v1, https://goo.gl/fbAQLP

exports[`renders correctly 1`] = `
<View>
  <View
    accessible={true}
    focusable={true}
    onClick={[Function]}
    onResponderGrant={[Function]}
    onResponderMove={[Function]}
    onResponderRelease={[Function]}
    onResponderTerminate={[Function]}
    onResponderTerminationRequest={[Function]}
    onStartShouldSetResponder={[Function]}
    style={
      Object {
        "alignItems": "center",
        "backgroundColor": "#FFFFFF",
        "borderBottomWidth": 1.5,
        "borderColor": "#E4DFDF",
        "borderTopWidth": 1.5,
        "flexDirection": "row",
        "height": 40,
        "justifyContent": "space-between",
        "marginTop": 5,
      }
    }
  >
    <Text
      style={
        Object {
          "color": "#A5A5A5",
          "fontSize": 20,
          "paddingLeft": 23,
          "textAlign": "left",
        }
      }
    >
      Hist√≥rico
    </Text>
    <View
      style={
        Object {
          "marginRight": 25,
        }
      }
    >
      <Text />
    </View>
  </View>
  <View
    style={
      Object {
        "backgroundColor": "#FFFFFF",
        "borderBottomWidth": 1.5,
        "borderColor": "#E4DFDF",
        "flexDirection": "column",
      }
    }
  >
    <View
      accessible={true}
      focusable={true}
      onClick={[Function]}
      onResponderGrant={[Function]}
      onResponderMove={[Function]}
      onResponderRelease={[Function]}
      onResponderTerminate={[Function]}
      onResponderTerminationRequest={[Function]}
      onStartShouldSetResponder={[Function]}
      style={
        Object {
          "borderBottomWidth": 0.5,
          "borderColor": "#E4DFDF",
          "fontSize": 18,
          "paddingLeft": 23,
          "paddingVertical": 7,
          "textAlign": "left",
          "textAlignVertical": "center",
          "width": "100%",
        }
      }
    >
      <Text
        style={
          Array [
            Object {
              "color": "#555555",
              "fontSize": 18,
              "textAlign": "left",
              "textAlignVertical": "center",
              "width": "100%",
            },
            Object {
              "fontSize": 20,
              "fontWeight": "bold",
            },
          ]
        }
      >
        Pacha
      </Text>
      <Text
        style={
          Object {
            "color": "#555555",
            "fontSize": 18,
            "textAlign": "left",
            "textAlignVertical": "center",
            "width": "100%",
          }
        }
      >
        Cem
      </Text>
    </View>
  </View>
</View>
`;
