// Jest Snapshot v1, https://goo.gl/fbAQLP

exports[`renders correctly 1`] = `
<RCTSafeAreaView
  emulateUnlessSupported={true}
>
  <RCTScrollView
    keyboardShouldPersistTaps="always"
    style={
      Object {
        "backgroundColor": "#FAFAFA",
        "height": 1334,
        "maxWidth": 750,
      }
    }
  >
    <View>
      <View
        style={
          Object {
            "alignItems": "center",
            "borderBottomWidth": 1,
            "borderColor": "#E4DFDF",
            "flexDirection": "row",
            "height": 55,
            "justifyContent": "space-between",
          }
        }
      >
        <View
          style={
            Array [
              Object {
                "flex": 3,
              },
            ]
          }
        >
          <Text
            style={
              Object {
                "fontSize": 22,
                "marginLeft": 24,
                "textAlign": "left",
              }
            }
          >
            Kokama
          </Text>
        </View>
        <View
          style={
            Object {
              "alignItems": "center",
              "flex": 1,
              "justifyContent": "center",
            }
          }
        >
          <Text
            accessible={true}
            allowFontScaling={false}
            focusable={true}
            onClick={[Function]}
            onResponderGrant={[Function]}
            onResponderMove={[Function]}
            onResponderRelease={[Function]}
            onResponderTerminate={[Function]}
            onResponderTerminationRequest={[Function]}
            onStartShouldSetResponder={[Function]}
            style={
              Array [
                Object {
                  "color": undefined,
                  "fontSize": 40,
                },
                undefined,
                Object {
                  "fontFamily": "anticon",
                  "fontStyle": "normal",
                  "fontWeight": "normal",
                },
                Object {},
              ]
            }
            testID="exchangeLanguage"
          >
            
          </Text>
        </View>
        <View
          style={
            Array [
              Object {
                "flex": 3,
              },
            ]
          }
        >
          <Text
            style={
              Object {
                "fontSize": 22,
                "marginRight": 24,
                "textAlign": "right",
              }
            }
          >
            Português
          </Text>
        </View>
      </View>
      <View
        style={
          Object {
            "alignItems": "center",
            "backgroundColor": "#FFFFFF",
            "borderBottomWidth": 1,
            "borderColor": "#E4DFDF",
            "borderTopWidth": 1,
            "flexDirection": "row",
            "height": 60,
            "justifyContent": "space-between",
            "width": "100%",
          }
        }
      >
        <TextInput
          allowFontScaling={true}
          defaultValue="Pachata"
          onChangeText={[Function]}
          placeholder="Toque para digitar"
          rejectResponderTermination={true}
          style={
            Object {
              "flex": 6,
              "fontSize": 20,
              "paddingLeft": 23,
              "textAlign": "left",
            }
          }
          testID="setTranslation"
          underlineColorAndroid="transparent"
        />
        <View
          accessible={true}
          focusable={true}
          onClick={[Function]}
          onResponderGrant={[Function]}
          onResponderMove={[Function]}
          onResponderRelease={[Function]}
          onResponderTerminate={[Function]}
          onResponderTerminationRequest={[Function]}
          onStartShouldSetResponder={[Function]}
          style={
            Object {
              "alignItems": "center",
              "borderColor": "#F23232",
              "borderRadius": 15,
              "borderWidth": 2.5,
              "flex": 1,
              "height": "65%",
              "justifyContent": "center",
              "marginRight": 15,
            }
          }
          testID="insertSymbol"
        >
          <Text
            style={
              Object {
                "fontSize": 25,
              }
            }
          >
            ɨ
          </Text>
        </View>
      </View>
      <View>
        <View>
          <View
            style={
              Object {
                "alignItems": "center",
              }
            }
          >
            <Text
              style={
                Object {
                  "textAlign": "center",
                }
              }
            >
              Tradução não encontrada
            </Text>
          </View>
        </View>
      </View>
      <View>
        <View
          accessible={true}
          focusable={true}
          onClick={[Function]}
          onResponderGrant={[Function]}
          onResponderMove={[Function]}
          onResponderRelease={[Function]}
          onResponderTerminate={[Function]}
          onResponderTerminationRequest={[Function]}
          onStartShouldSetResponder={[Function]}
          style={
            Object {
              "alignItems": "center",
              "backgroundColor": "#FFFFFF",
              "borderBottomWidth": 1.5,
              "borderColor": "#E4DFDF",
              "borderTopWidth": 1.5,
              "flexDirection": "row",
              "height": 40,
              "justifyContent": "space-between",
              "marginTop": 5,
            }
          }
        >
          <Text
            style={
              Object {
                "color": "#A5A5A5",
                "fontSize": 20,
                "paddingLeft": 23,
                "textAlign": "left",
              }
            }
          >
            Histórico
          </Text>
          <View
            style={
              Object {
                "marginRight": 25,
              }
            }
          >
            <Text
              allowFontScaling={false}
              style={
                Array [
                  Object {
                    "color": "#555555",
                    "fontSize": 22,
                  },
                  undefined,
                  Object {
                    "fontFamily": "anticon",
                    "fontStyle": "normal",
                    "fontWeight": "normal",
                  },
                  Object {},
                ]
              }
            >
              
            </Text>
          </View>
        </View>
      </View>
    </View>
  </RCTScrollView>
</RCTSafeAreaView>
`;
